[dragonball-super.com/index.html]
[backblue.gif]
[fade.gif]
[index.html]
[cdn01.stright.bizris.com/js/cookie_consent_setting13f3.js]
[dragonball-super.com/img/favicon180.png]
[dragonball-super.com/img/favicon.ico]
[kit.fontawesome.com/672520b56f.js]
[dragonball-super.com/css/modaal.css]
[dragonball-super.com/css/remodal.css]
[dragonball-super.com/css/remodal-default-theme.css]
[dragonball-super.com/css/common.css]
[ajax.googleapis.com/ajax/libs/jquery/2.1.3/jquery.min.js]
[ajax.googleapis.com/ajax/libs/jqueryui/1.12.1/jquery-ui.min.js]
[cdn.jsdelivr.net/npm/gsap@3.13.0/dist/gsap.min.js]
[cdn.jsdelivr.net/npm/gsap@3.13.0/dist/ScrollTrigger.min.js]
[dragonball-super.com/js/updates.js]
[dragonball-super.com/js/modaal.js]
[dragonball-super.com/js/remodal.js]
[dragonball-super.com/js/jquery.smoothScroll.js]
[dragonball-super.com/js/top.js]
[dragonball-super.com/js/common.js]
[www.googletagmanager.com/ns87f7.html]
[dragonball-super.com/index-2.html]
[www.youtube.com/embed/UkQnfgxZ5vc.html]
[dragonball-super.com/en/index.html]
[dragonball-super.com/img/tp-txt1.webp]
[dragonball-super.com/img/tp-txt2.webp]
[dragonball-super.com/img/mv-thum01.jpg]
[dragonball-super.com/updates/index.html]
[www.facebook.com/share_channel/index1406.html]
[dragonball-super.com/index.html]
[www.googletagmanager.com/gtm5445.html]
[dragonball-super.com/css/font.css]
[dragonball-super.com/js/other.js]
[dragonball-super.com/css/modaal.css]
[dragonball-super.com/css/remodal.css]
[dragonball-super.com/img/bg_nz-BL.png]
[dragonball-super.com/css/remodal-default-theme.css]
[dragonball-super.com/img/load.png]
[dragonball-super.com/img/HL.png]
[dragonball-super.com/img/bg_nz-GL.png]
[dragonball-super.com/img/hdHL.webp]
[dragonball-super.com/img/logo.webp]
[dragonball-super.com/img/logo_en.webp]
[dragonball-super.com/img/btHL.png]
[dragonball-super.com/img/rhom.png]
[dragonball-super.com/img/kv.webp]
[dragonball-super.com/img/star.png]
[dragonball-super.com/img/bg-txt.svg]
[dragonball-super.com/img/bg-intro.jpg]
[dragonball-super.com/img/ftHL.png]
[dragonball-super.com/css/common.css]
[www.googletagmanager.com/ns87f7.html]
[dragonball-super.com/index-2.html]
[www.youtube.com/img/meh7.31.delayed]
[www.youtube.com/s/player/8a6e7bc4/player_embed.vflset/en_US/base.js]
[www.youtube.com/embed/UkQnfgxZ5vc.html]
[www.youtube.com/embed/OOmRInABehI.html]
[dragonball-super.com/img/tp-txt1_en.webp]
[dragonball-super.com/en/updates/index.html]
[dragonball-super.com/en/index.html]
[www.facebook.com/share_channel/indexa233.html]
[dragonball-super.com/js/include.js]
[dragonball-super.com/js/contents.js]
[dragonball-super.com/updates/index.html]
[dragonball-super.com/updates/20260125.html]
[static.xx.fbcdn.net/rsrc.php/v5/y2/l/0,cross/HQRKsoxAEUO.css]
[www.facebook.com/share_channel/index2d6f.html]
[static.xx.fbcdn.net/rsrc.php/v5/yX/l/0,cross/EIv3IvPRnlD.css]
[static.xx.fbcdn.net/rsrc.php/v5/yl/l/0,cross/MGi8Qi6F-vI.css]
[static.xx.fbcdn.net/rsrc.php/v5/y5/l/0,cross/zJIfDqSdHKe.css]
[static.xx.fbcdn.net/rsrc.php/v5/yo/l/0,cross/dz59Lk5kFxe.css]
[static.xx.fbcdn.net/rsrc.php/v4/yY/r/2yB1SJwaVUf.js]
[www.facebook.com/share_channel/index1406.html]
[static.xx.fbcdn.net/rsrc.php/v4/ym/r/tSqbDvmbow0.js]
[line.me/index.html]
[dragonball-super.com/img/bg-bk.png]
[dragonball-super.com/img/bg-txt.svg]
[www.youtube.com/s/player/8a6e7bc4/www-player.css]
[www.youtube.com/img/meh7.html]
[www.youtube.com/embed/OOmRInABehI.html]
[dragonball-super.com/en/updates/index.html]
[www.facebook.com/share_channel/indexa233.html]
[dragonball-super.com/en/updates/20260125.html]
[www.facebook.com/share_channel/indexd844.html]
[dragonball-super.com/updates/img/20260125.jpg]
[dragonball-super.com/updates/20260125.html]
[www.facebook.com/share_channel/index2d6f.html]
[static.xx.fbcdn.net/rsrc.php/v4/yB/r/xwZ-58W7La1.png]
[static.xx.fbcdn.net/rsrc.php/v4/yR/r/89U7jk2uMkx.png]
[static.xx.fbcdn.net/rsrc.php/v4/y_/r/nKLKmWHyfMh.png]
[static.xx.fbcdn.net/rsrc.php/v4/y9/r/y7MG8IZpiC8.gif]
[static.xx.fbcdn.net/rsrc.php/v5/y2/l/0,cross/HQRKsoxAEUO.css]
[static.xx.fbcdn.net/rsrc.php/v5/yX/l/0,cross/EIv3IvPRnlD.css]
[static.xx.fbcdn.net/rsrc.php/v4/yk/r/hGL1a45R9v5.png]
[static.xx.fbcdn.net/rsrc.php/v4/yv/r/Y8E85HEnAN8.png]
[static.xx.fbcdn.net/rsrc.php/v4/yj/r/KCekwSRk9_K.png]
[static.xx.fbcdn.net/rsrc.php/v4/yR/r/kadjDbIYcv4.png]
[static.xx.fbcdn.net/rsrc.php/v4/y-/r/65hUw8gciPr.png]
[static.xx.fbcdn.net/rsrc.php/v4/yK/r/4OiFAeQ6JbP.png]
[static.xx.fbcdn.net/rsrc.php/v4/yV/r/uISB7yMmiLR.png]
[static.xx.fbcdn.net/rsrc.php/v4/y-/r/AGUNXgX_Wx3.gif]
[static.xx.fbcdn.net/rsrc.php/v4/yG/r/b53Ajb4ihCP.gif]
[static.xx.fbcdn.net/rsrc.php/v5/yl/l/0,cross/MGi8Qi6F-vI.css]
[static.xx.fbcdn.net/rsrc.php/v4/yz/r/8f0Mk-sKHC_.png]
[static.xx.fbcdn.net/rsrc.php/v5/y5/l/0,cross/zJIfDqSdHKe.css]
[static.xx.fbcdn.net/rsrc.php/v5/yo/l/0,cross/dz59Lk5kFxe.css]
[static.xx.fbcdn.net/rsrc.php/v4/yY/r/2yB1SJwaVUf.js]
[static.xx.fbcdn.net/rsrc.php/v4/ym/r/tSqbDvmbow0.js]
[www.facebook.com/share_channel/eDLocD/index.html]
[x.com/DB_anime_info]
[dragonball-super.com/en/updates/img/20260125.jpg]
[dragonball-super.com/en/updates/20260125.html]
[www.facebook.com/share_channel/indexd844.html]
[x.com/intent/postb6d2]
[www.facebook.com/share_channel/eDLocD.html]
[www.facebook.com/share_channel/Firefox/index.html]
[www.facebook.com/share_channel/Edg/index.html]
[www.facebook.com/share_channel/Chrome/index.html]
[www.facebook.com/share_channel/CriOS/index.html]
[www.facebook.com/share_channel/Safari/index.html]
[www.facebook.com/share_channel/Version/index.html]
[www.facebook.com/share_channel/chrome-extension_/index.html]
[www.facebook.com/share_channel/^([^_/indexd41d.html]
[www.facebook.com/share_channel/GET.html]
[x.com/intent/post2794]
